PS C:\Users\user\Documents\Test\git_tutorial> cd C:\Users\user\Documents\challenge
PS C:\Users\user\Documents\challenge> cd git_challenge
PS C:\Users\user\Documents\challenge\git_challenge> git init
Initialized empty Git repository in C:/Users/user/Documents/challenge/git_challenge/.git/
PS C:\Users\user\Documents\challenge\git_challenge> git add"C:\Users\user\Documents\challenge\git_challenge\hello_world.txt"
git: 'addC:\Users\user\Documents\challenge\git_challenge\hello_world.txt' is not a git command. See 'git --help'.
[main (root-commit) e262cdc] hello_world.txtを追加
 1 file changed, 1 insertion(+)
PS C:\Users\user\Documents\challenge\git_challenge> git add hello_world.txt
PS C:\Users\user\Documents\challenge\git_challenge> git commit -m "日本語訳を追記"
[main c4f890c] 日本語訳を追記
 1 file changed, 2 insertions(+), 1 deletion(-)

PS C:\Users\user\Documents\challenge\git_challenge> git log
commit c4f890c3fa566ceffccd5d363a174b0f695fb7b1 (HEAD -> main) 日本語訳を追記
commit e262cdc918828e0e8526f8484526d4a493727ba0 hello_world.txtを追加
: